
> executor_ai@0.1.0 start
> next start

   Γû▓ Next.js 16.0.3
   - Local:         http://localhost:3000
   - Network:       http://172.17.0.2:3000

 Γ£ô Starting...
 Γ£ô Ready in 453ms
